AutoDock Vina v1.2.7
#################################################################
# If you used AutoDock Vina in your work, please cite:          #
#                                                               #
# J. Eberhardt, D. Santos-Martins, A. F. Tillack, and S. Forli  #
# AutoDock Vina 1.2.0: New Docking Methods, Expanded Force      #
# Field, and Python Bindings, J. Chem. Inf. Model. (2021)       #
# DOI 10.1021/acs.jcim.1c00203                                  #
#                                                               #
# O. Trott, A. J. Olson,                                        #
# AutoDock Vina: improving the speed and accuracy of docking    #
# with a new scoring function, efficient optimization and       #
# multithreading, J. Comp. Chem. (2010)                         #
# DOI 10.1002/jcc.21334                                         #
#                                                               #
# Please see https://github.com/ccsb-scripps/AutoDock-Vina for  #
# more information.                                             #
#################################################################

Scoring function : vina
Rigid receptor: results/lasb_ensemble_rmsd/receptors_raw/1U4G_holo_receptor.pdbqt
Ligand: results/lasb_ensemble_rmsd/ligands_pdbqt/1U4G_HPI.pdbqt
Grid center: X 55.521 Y 35.882 Z 20.807
Grid size  : X 24 Y 24 Z 24
Grid space : 0.375
Exhaustiveness: 16
CPU: 1
Verbosity: 1

Computing Vina grid ... done.
Performing docking (random seed: 2) ... 
0%   10   20   30   40   50   60   70   80   90   100%
|----|----|----|----|----|----|----|----|----|----|
***************************************************

mode |   affinity | dist from best mode
     | (kcal/mol) | rmsd l.b.| rmsd u.b.
-----+------------+----------+----------
   1       -8.989          0          0
   2       -8.701      2.218        6.1
   3       -8.625      2.233      6.125
   4       -8.529      2.125      5.693
   5       -8.126        2.3      6.109
   6       -8.103      4.333      8.084
   7       -8.005      2.297      6.183
   8       -8.002      2.512      6.446
   9       -7.903       2.47       8.67
  10       -7.808      2.511      6.781
  11       -7.799      2.568      8.105
  12       -7.772      2.927        6.3
  13       -7.664      4.621      8.521
  14       -7.654      3.331        6.5
  15       -7.632      4.121      7.295
  16       -7.631       4.48      8.056
  17       -7.621      2.441       5.83
  18       -7.599      2.858      7.067
  19       -7.564      2.073      7.663
  20       -7.485      5.553      9.659

--STDERR--
