AutoDock Vina v1.2.7
#################################################################
# If you used AutoDock Vina in your work, please cite:          #
#                                                               #
# J. Eberhardt, D. Santos-Martins, A. F. Tillack, and S. Forli  #
# AutoDock Vina 1.2.0: New Docking Methods, Expanded Force      #
# Field, and Python Bindings, J. Chem. Inf. Model. (2021)       #
# DOI 10.1021/acs.jcim.1c00203                                  #
#                                                               #
# O. Trott, A. J. Olson,                                        #
# AutoDock Vina: improving the speed and accuracy of docking    #
# with a new scoring function, efficient optimization and       #
# multithreading, J. Comp. Chem. (2010)                         #
# DOI 10.1002/jcc.21334                                         #
#                                                               #
# Please see https://github.com/ccsb-scripps/AutoDock-Vina for  #
# more information.                                             #
#################################################################

Scoring function : vina
Rigid receptor: results/lasb_ensemble_rmsd/receptors_raw/1U4G_holo_receptor.pdbqt
Ligand: results/lasb_ensemble_rmsd/ligands_pdbqt/1U4G_HPI.pdbqt
Grid center: X 55.521 Y 35.882 Z 20.807
Grid size  : X 24 Y 24 Z 24
Grid space : 0.375
Exhaustiveness: 16
CPU: 1
Verbosity: 1

Computing Vina grid ... done.
Performing docking (random seed: 1) ... 
0%   10   20   30   40   50   60   70   80   90   100%
|----|----|----|----|----|----|----|----|----|----|
***************************************************

mode |   affinity | dist from best mode
     | (kcal/mol) | rmsd l.b.| rmsd u.b.
-----+------------+----------+----------
   1       -8.993          0          0
   2       -8.665      2.231      6.099
   3       -8.593       2.12      5.513
   4       -8.426      2.289      8.029
   5       -8.263      2.166      5.762
   6       -8.147      2.253       5.88
   7       -8.052       4.33      8.071
   8       -8.027      1.488       2.13
   9       -7.983      2.313      8.635
  10       -7.819      2.647      6.682
  11       -7.687      2.925      7.965
  12       -7.659      4.556      8.638
  13       -7.642      2.945      6.167
  14       -7.624      4.428      7.868
  15       -7.602      4.167      7.335
  16       -7.601      3.391      6.757
  17       -7.525      3.003      7.097
  18       -7.507      3.768      7.945
  19       -7.493      5.523       9.59
  20       -7.437       2.83      7.129

--STDERR--
