AutoDock Vina v1.2.7
#################################################################
# If you used AutoDock Vina in your work, please cite:          #
#                                                               #
# J. Eberhardt, D. Santos-Martins, A. F. Tillack, and S. Forli  #
# AutoDock Vina 1.2.0: New Docking Methods, Expanded Force      #
# Field, and Python Bindings, J. Chem. Inf. Model. (2021)       #
# DOI 10.1021/acs.jcim.1c00203                                  #
#                                                               #
# O. Trott, A. J. Olson,                                        #
# AutoDock Vina: improving the speed and accuracy of docking    #
# with a new scoring function, efficient optimization and       #
# multithreading, J. Comp. Chem. (2010)                         #
# DOI 10.1002/jcc.21334                                         #
#                                                               #
# Please see https://github.com/ccsb-scripps/AutoDock-Vina for  #
# more information.                                             #
#################################################################

Scoring function : vina
Rigid receptor: results/lasb_ensemble_rmsd/receptors_raw/3DBK_holo_receptor.pdbqt
Ligand: results/lasb_ensemble_rmsd/ligands_pdbqt/3DBK_RDF.pdbqt
Grid center: X 55.521 Y 35.882 Z 20.807
Grid size  : X 24 Y 24 Z 24
Grid space : 0.375
Exhaustiveness: 16
CPU: 1
Verbosity: 1

Computing Vina grid ... done.
Performing docking (random seed: 1) ... 
0%   10   20   30   40   50   60   70   80   90   100%
|----|----|----|----|----|----|----|----|----|----|
***************************************************

mode |   affinity | dist from best mode
     | (kcal/mol) | rmsd l.b.| rmsd u.b.
-----+------------+----------+----------
   1       -9.284          0          0
   2       -9.041     0.9953      2.034
   3       -9.039      1.435      1.978
   4       -8.629      1.137      2.093
   5       -8.557      3.693      6.143
   6       -8.536      4.935       10.5
   7       -8.431      6.277       9.45
   8       -8.399      3.453      9.946
   9       -8.352      5.752      8.225
  10       -8.315      2.539      5.262
  11       -8.219      6.657      9.853
  12       -8.219      2.233      3.559
  13       -8.193      2.016          4
  14       -8.175      7.137       10.8
  15        -8.16      6.832      9.919
  16       -8.154      5.539      11.94
  17       -8.047       7.04       10.2
  18       -8.021      7.165      10.87
  19       -7.987        3.5      6.733
  20       -7.856      6.579      9.614

--STDERR--
