AutoDock Vina v1.2.7
#################################################################
# If you used AutoDock Vina in your work, please cite:          #
#                                                               #
# J. Eberhardt, D. Santos-Martins, A. F. Tillack, and S. Forli  #
# AutoDock Vina 1.2.0: New Docking Methods, Expanded Force      #
# Field, and Python Bindings, J. Chem. Inf. Model. (2021)       #
# DOI 10.1021/acs.jcim.1c00203                                  #
#                                                               #
# O. Trott, A. J. Olson,                                        #
# AutoDock Vina: improving the speed and accuracy of docking    #
# with a new scoring function, efficient optimization and       #
# multithreading, J. Comp. Chem. (2010)                         #
# DOI 10.1002/jcc.21334                                         #
#                                                               #
# Please see https://github.com/ccsb-scripps/AutoDock-Vina for  #
# more information.                                             #
#################################################################

Scoring function : vina
Rigid receptor: results/lasb_ensemble_rmsd/receptors_raw/6F8B_holo_receptor.pdbqt
Ligand: results/lasb_ensemble_rmsd/ligands_pdbqt/6F8B_CXH.pdbqt
Grid center: X 55.521 Y 35.882 Z 20.807
Grid size  : X 24 Y 24 Z 24
Grid space : 0.375
Exhaustiveness: 16
CPU: 1
Verbosity: 1

Computing Vina grid ... done.
Performing docking (random seed: 1) ... 
0%   10   20   30   40   50   60   70   80   90   100%
|----|----|----|----|----|----|----|----|----|----|
***************************************************

mode |   affinity | dist from best mode
     | (kcal/mol) | rmsd l.b.| rmsd u.b.
-----+------------+----------+----------
   1       -5.166          0          0
   2       -4.984     0.8243      1.962
   3        -4.75      4.441      6.205
   4        -4.66       2.24      2.876
   5       -4.625      6.838      9.133
   6       -4.594        5.7      8.076
   7       -4.591      2.384      2.484
   8       -4.533      2.451      2.633
   9       -4.497      2.041      2.257
  10       -4.467      8.531      10.23
  11       -4.407      4.776      6.794
  12       -4.373      7.992       9.17
  13       -4.361       7.08      9.066
  14       -4.281      4.724      5.708
  15       -4.242      3.927      5.094
  16       -4.228      4.243      5.194
  17       -4.164       4.58      5.621
  18       -4.095      3.453      4.417
  19        -4.08      7.563      9.304
  20       -4.067      5.021      5.823

--STDERR--
