AutoDock Vina v1.2.7
#################################################################
# If you used AutoDock Vina in your work, please cite:          #
#                                                               #
# J. Eberhardt, D. Santos-Martins, A. F. Tillack, and S. Forli  #
# AutoDock Vina 1.2.0: New Docking Methods, Expanded Force      #
# Field, and Python Bindings, J. Chem. Inf. Model. (2021)       #
# DOI 10.1021/acs.jcim.1c00203                                  #
#                                                               #
# O. Trott, A. J. Olson,                                        #
# AutoDock Vina: improving the speed and accuracy of docking    #
# with a new scoring function, efficient optimization and       #
# multithreading, J. Comp. Chem. (2010)                         #
# DOI 10.1002/jcc.21334                                         #
#                                                               #
# Please see https://github.com/ccsb-scripps/AutoDock-Vina for  #
# more information.                                             #
#################################################################

Scoring function : vina
Rigid receptor: results/lasb_ensemble_rmsd/receptors_raw/7QH1_holo_receptor.pdbqt
Ligand: results/lasb_ensemble_rmsd/ligands_pdbqt/7QH1_CI8.pdbqt
Grid center: X 55.521 Y 35.882 Z 20.807
Grid size  : X 24 Y 24 Z 24
Grid space : 0.375
Exhaustiveness: 16
CPU: 1
Verbosity: 1

Computing Vina grid ... done.
Performing docking (random seed: 1) ... 
0%   10   20   30   40   50   60   70   80   90   100%
|----|----|----|----|----|----|----|----|----|----|
***************************************************

mode |   affinity | dist from best mode
     | (kcal/mol) | rmsd l.b.| rmsd u.b.
-----+------------+----------+----------
   1       -8.499          0          0
   2       -8.277      5.402      9.454
   3       -8.194       4.35      7.738
   4       -8.142      4.038      7.316
   5       -7.976      4.929      8.215
   6       -7.826      4.232      7.571
   7        -7.75      5.518      12.42
   8       -7.692      4.681      7.622
   9       -7.673      4.392      5.811
  10       -7.603      5.883      12.85
  11       -7.585      4.859      7.855
  12       -7.406      4.498      7.556
  13       -7.368      4.101      7.157
  14       -7.171      3.704      5.903
  15       -7.115      4.758      6.252
  16       -7.099      6.189      12.92
  17       -7.058      5.061      8.981
  18       -6.939      4.362      5.915
  19       -6.896      5.749      8.904
  20       -6.726      4.245       10.1

--STDERR--
