AutoDock Vina v1.2.7
#################################################################
# If you used AutoDock Vina in your work, please cite:          #
#                                                               #
# J. Eberhardt, D. Santos-Martins, A. F. Tillack, and S. Forli  #
# AutoDock Vina 1.2.0: New Docking Methods, Expanded Force      #
# Field, and Python Bindings, J. Chem. Inf. Model. (2021)       #
# DOI 10.1021/acs.jcim.1c00203                                  #
#                                                               #
# O. Trott, A. J. Olson,                                        #
# AutoDock Vina: improving the speed and accuracy of docking    #
# with a new scoring function, efficient optimization and       #
# multithreading, J. Comp. Chem. (2010)                         #
# DOI 10.1002/jcc.21334                                         #
#                                                               #
# Please see https://github.com/ccsb-scripps/AutoDock-Vina for  #
# more information.                                             #
#################################################################

Scoring function : vina
Rigid receptor: results/lasb_ensemble_rmsd/receptors_raw/8CC4_holo_receptor.pdbqt
Ligand: results/lasb_ensemble_rmsd/ligands_pdbqt/8CC4_U7F.pdbqt
Grid center: X 55.521 Y 35.882 Z 20.807
Grid size  : X 24 Y 24 Z 24
Grid space : 0.375
Exhaustiveness: 16
CPU: 1
Verbosity: 1

Computing Vina grid ... done.
Performing docking (random seed: 2) ... 
0%   10   20   30   40   50   60   70   80   90   100%
|----|----|----|----|----|----|----|----|----|----|
***************************************************

mode |   affinity | dist from best mode
     | (kcal/mol) | rmsd l.b.| rmsd u.b.
-----+------------+----------+----------
   1       -7.686          0          0
   2       -7.638      6.095      7.842
   3       -7.573      4.457      5.833
   4       -7.322      4.767      6.203
   5       -7.268     0.5662      1.527
   6       -7.135      1.354      1.951
   7       -7.085      5.007      6.739
   8       -7.082      9.691      11.71
   9       -6.955       5.75      7.346
  10       -6.736      9.245      10.76
  11       -6.585      5.126      7.592
  12       -6.556      1.245      2.186
  13       -6.336      5.041      7.872
  14       -6.282      5.155      7.738
  15       -6.204      9.526      10.92
  16       -6.173      9.728      11.37
  17       -6.114      5.607      7.737
  18       -6.009      5.387       7.84
  19       -6.008      1.113      1.804
  20       -5.969      5.178       7.22

--STDERR--
