AutoDock Vina v1.2.7
#################################################################
# If you used AutoDock Vina in your work, please cite:          #
#                                                               #
# J. Eberhardt, D. Santos-Martins, A. F. Tillack, and S. Forli  #
# AutoDock Vina 1.2.0: New Docking Methods, Expanded Force      #
# Field, and Python Bindings, J. Chem. Inf. Model. (2021)       #
# DOI 10.1021/acs.jcim.1c00203                                  #
#                                                               #
# O. Trott, A. J. Olson,                                        #
# AutoDock Vina: improving the speed and accuracy of docking    #
# with a new scoring function, efficient optimization and       #
# multithreading, J. Comp. Chem. (2010)                         #
# DOI 10.1002/jcc.21334                                         #
#                                                               #
# Please see https://github.com/ccsb-scripps/AutoDock-Vina for  #
# more information.                                             #
#################################################################

Scoring function : vina
Rigid receptor: results/lasb_ensemble_rmsd/receptors_raw/8R1B_holo_receptor.pdbqt
Ligand: results/lasb_ensemble_rmsd/ligands_pdbqt/8R1B_XI5.pdbqt
Grid center: X 55.521 Y 35.882 Z 20.807
Grid size  : X 24 Y 24 Z 24
Grid space : 0.375
Exhaustiveness: 16
CPU: 1
Verbosity: 1

Computing Vina grid ... done.
Performing docking (random seed: 1) ... 
0%   10   20   30   40   50   60   70   80   90   100%
|----|----|----|----|----|----|----|----|----|----|
***************************************************

mode |   affinity | dist from best mode
     | (kcal/mol) | rmsd l.b.| rmsd u.b.
-----+------------+----------+----------
   1       -8.037          0          0
   2       -7.591      4.638      9.652
   3       -7.483       1.41      1.779
   4        -7.42      1.395      1.875
   5       -7.232      2.224      3.093
   6       -7.218      4.423      9.055
   7       -7.124      3.444      9.764
   8       -7.019      2.729      4.076
   9       -6.994      6.378      10.57
  10       -6.806      3.958       9.51
  11       -6.548      2.214      3.686
  12       -6.546      5.075      10.42
  13       -6.518      6.536      8.823
  14       -6.512      2.877      8.553
  15       -6.486      6.237      10.42
  16       -6.477      4.231      9.916
  17       -6.435      3.483      6.204
  18       -6.401        2.8      3.532
  19       -6.367      4.447      5.829
  20       -6.345      3.218      8.369

--STDERR--
