AutoDock Vina v1.2.7
#################################################################
# If you used AutoDock Vina in your work, please cite:          #
#                                                               #
# J. Eberhardt, D. Santos-Martins, A. F. Tillack, and S. Forli  #
# AutoDock Vina 1.2.0: New Docking Methods, Expanded Force      #
# Field, and Python Bindings, J. Chem. Inf. Model. (2021)       #
# DOI 10.1021/acs.jcim.1c00203                                  #
#                                                               #
# O. Trott, A. J. Olson,                                        #
# AutoDock Vina: improving the speed and accuracy of docking    #
# with a new scoring function, efficient optimization and       #
# multithreading, J. Comp. Chem. (2010)                         #
# DOI 10.1002/jcc.21334                                         #
#                                                               #
# Please see https://github.com/ccsb-scripps/AutoDock-Vina for  #
# more information.                                             #
#################################################################

Scoring function : vina
Rigid receptor: results/lasb_ensemble_rmsd/receptors_raw/8R1B_holo_receptor.pdbqt
Ligand: results/lasb_ensemble_rmsd/ligands_pdbqt/8R1B_XI5.pdbqt
Grid center: X 55.521 Y 35.882 Z 20.807
Grid size  : X 24 Y 24 Z 24
Grid space : 0.375
Exhaustiveness: 16
CPU: 1
Verbosity: 1

Computing Vina grid ... done.
Performing docking (random seed: 2) ... 
0%   10   20   30   40   50   60   70   80   90   100%
|----|----|----|----|----|----|----|----|----|----|
***************************************************

mode |   affinity | dist from best mode
     | (kcal/mol) | rmsd l.b.| rmsd u.b.
-----+------------+----------+----------
   1           -8          0          0
   2        -7.87       1.19      1.422
   3       -7.611      4.611       9.65
   4       -7.598      1.148      1.639
   5       -7.478      4.522      9.656
   6       -7.196      2.605      3.208
   7       -7.107      3.351      9.801
   8       -6.918      3.717      9.439
   9       -6.844      6.385      10.51
  10       -6.677      4.298      8.414
  11       -6.636      2.937      4.361
  12        -6.63      2.919      4.592
  13       -6.526      6.106      10.31
  14       -6.522      3.338      6.127
  15       -6.506      3.429      6.036
  16       -6.454      2.262      3.314
  17        -6.42      4.701      9.727
  18       -6.398      5.204      9.676
  19       -6.379      2.248      3.214
  20       -6.353      4.585      6.148

--STDERR--
