AutoDock Vina v1.2.7
#################################################################
# If you used AutoDock Vina in your work, please cite:          #
#                                                               #
# J. Eberhardt, D. Santos-Martins, A. F. Tillack, and S. Forli  #
# AutoDock Vina 1.2.0: New Docking Methods, Expanded Force      #
# Field, and Python Bindings, J. Chem. Inf. Model. (2021)       #
# DOI 10.1021/acs.jcim.1c00203                                  #
#                                                               #
# O. Trott, A. J. Olson,                                        #
# AutoDock Vina: improving the speed and accuracy of docking    #
# with a new scoring function, efficient optimization and       #
# multithreading, J. Comp. Chem. (2010)                         #
# DOI 10.1002/jcc.21334                                         #
#                                                               #
# Please see https://github.com/ccsb-scripps/AutoDock-Vina for  #
# more information.                                             #
#################################################################

Scoring function : vina
Rigid receptor: results/lasb_ensemble_rmsd/receptors_raw/9FQD_holo_receptor.pdbqt
Ligand: results/lasb_ensemble_rmsd/ligands_pdbqt/9FQD_A1IEX.pdbqt
Grid center: X 55.521 Y 35.882 Z 20.807
Grid size  : X 24 Y 24 Z 24
Grid space : 0.375
Exhaustiveness: 16
CPU: 1
Verbosity: 1

Computing Vina grid ... done.
Performing docking (random seed: 1) ... 
0%   10   20   30   40   50   60   70   80   90   100%
|----|----|----|----|----|----|----|----|----|----|
***************************************************

mode |   affinity | dist from best mode
     | (kcal/mol) | rmsd l.b.| rmsd u.b.
-----+------------+----------+----------
   1       -8.076          0          0
   2        -7.53      3.381       5.42
   3       -7.291      3.207      5.277
   4       -7.197      4.022      7.331
   5       -6.763      5.036       8.58
   6       -6.757      6.927      10.57
   7       -6.712      4.987      7.404
   8       -6.691      6.698      10.74
   9       -6.668      4.561      7.137
  10       -6.509       8.76      11.04
  11       -6.457      3.286      5.163
  12       -6.423      7.682      11.37
  13       -6.418      5.353      8.228
  14       -6.359      5.958      9.264
  15       -6.197      7.133      10.29
  16       -6.194      4.503      8.275
  17       -6.162      7.313       10.1
  18        -6.11      6.208      8.535
  19       -6.003      6.502        8.5
  20       -5.977      3.197      5.036

--STDERR--
