AutoDock Vina v1.2.7
#################################################################
# If you used AutoDock Vina in your work, please cite:          #
#                                                               #
# J. Eberhardt, D. Santos-Martins, A. F. Tillack, and S. Forli  #
# AutoDock Vina 1.2.0: New Docking Methods, Expanded Force      #
# Field, and Python Bindings, J. Chem. Inf. Model. (2021)       #
# DOI 10.1021/acs.jcim.1c00203                                  #
#                                                               #
# O. Trott, A. J. Olson,                                        #
# AutoDock Vina: improving the speed and accuracy of docking    #
# with a new scoring function, efficient optimization and       #
# multithreading, J. Comp. Chem. (2010)                         #
# DOI 10.1002/jcc.21334                                         #
#                                                               #
# Please see https://github.com/ccsb-scripps/AutoDock-Vina for  #
# more information.                                             #
#################################################################

Scoring function : vina
Rigid receptor: results/lasb_ensemble_rmsd/receptors_raw/9FQY_holo_receptor.pdbqt
Ligand: results/lasb_ensemble_rmsd/ligands_pdbqt/9FQY_A1IFN.pdbqt
Grid center: X 55.521 Y 35.882 Z 20.807
Grid size  : X 24 Y 24 Z 24
Grid space : 0.375
Exhaustiveness: 16
CPU: 1
Verbosity: 1

Computing Vina grid ... done.
Performing docking (random seed: 1) ... 
0%   10   20   30   40   50   60   70   80   90   100%
|----|----|----|----|----|----|----|----|----|----|
***************************************************

mode |   affinity | dist from best mode
     | (kcal/mol) | rmsd l.b.| rmsd u.b.
-----+------------+----------+----------
   1       -8.111          0          0
   2       -8.106      7.535      11.65
   3       -8.055      8.791       11.5
   4       -7.933      4.739       6.07
   5       -7.831      9.231      13.15
   6       -7.758      8.887      11.56
   7       -7.696      9.314      13.34
   8       -7.303      4.719      6.596
   9       -7.301      1.559      2.161
  10       -7.211      7.549      10.38
  11       -7.201      9.914      12.72
  12       -7.151      7.057      11.17
  13         -7.1      14.21      16.52
  14       -6.988      9.229      13.07
  15        -6.95       10.6      13.55
  16       -6.814      5.084       8.66
  17       -6.786      9.061      12.81
  18       -6.769        4.2      5.953
  19       -6.761      4.669       8.84
  20      -0.2577      10.73      13.68

--STDERR--
