AutoDock Vina v1.2.7
#################################################################
# If you used AutoDock Vina in your work, please cite:          #
#                                                               #
# J. Eberhardt, D. Santos-Martins, A. F. Tillack, and S. Forli  #
# AutoDock Vina 1.2.0: New Docking Methods, Expanded Force      #
# Field, and Python Bindings, J. Chem. Inf. Model. (2021)       #
# DOI 10.1021/acs.jcim.1c00203                                  #
#                                                               #
# O. Trott, A. J. Olson,                                        #
# AutoDock Vina: improving the speed and accuracy of docking    #
# with a new scoring function, efficient optimization and       #
# multithreading, J. Comp. Chem. (2010)                         #
# DOI 10.1002/jcc.21334                                         #
#                                                               #
# Please see https://github.com/ccsb-scripps/AutoDock-Vina for  #
# more information.                                             #
#################################################################

Scoring function : vina
Rigid receptor: results/lasb_ensemble_rmsd/receptors_raw/9FRY_holo_receptor.pdbqt
Ligand: results/lasb_ensemble_rmsd/ligands_pdbqt/9FRY_A1IFU.pdbqt
Grid center: X 55.521 Y 35.882 Z 20.807
Grid size  : X 24 Y 24 Z 24
Grid space : 0.375
Exhaustiveness: 16
CPU: 1
Verbosity: 1

Computing Vina grid ... done.
Performing docking (random seed: 1) ... 
0%   10   20   30   40   50   60   70   80   90   100%
|----|----|----|----|----|----|----|----|----|----|
***************************************************

mode |   affinity | dist from best mode
     | (kcal/mol) | rmsd l.b.| rmsd u.b.
-----+------------+----------+----------
   1        -8.36          0          0
   2       -8.275      1.902       2.53
   3       -8.066      2.908      4.081
   4       -7.882      4.127      5.913
   5       -7.793       6.96      10.41
   6       -7.686      2.543      3.348
   7       -7.634      6.749      10.18
   8       -7.351      2.343      3.318
   9       -7.334      5.189      9.985
  10       -7.286      2.461      3.047
  11       -7.105       2.26      3.522
  12       -6.513      4.839      9.343
  13       -6.479      6.126      10.12
  14       -6.356      7.479      10.13
  15       -6.332      5.011      9.189
  16       -6.284      2.421      2.989
  17       -6.277      2.935       4.26
  18       -6.207      5.223      9.045
  19       -6.184      3.496      5.599
  20       -6.155      5.859      9.508

--STDERR--
