AutoDock Vina v1.2.7
#################################################################
# If you used AutoDock Vina in your work, please cite:          #
#                                                               #
# J. Eberhardt, D. Santos-Martins, A. F. Tillack, and S. Forli  #
# AutoDock Vina 1.2.0: New Docking Methods, Expanded Force      #
# Field, and Python Bindings, J. Chem. Inf. Model. (2021)       #
# DOI 10.1021/acs.jcim.1c00203                                  #
#                                                               #
# O. Trott, A. J. Olson,                                        #
# AutoDock Vina: improving the speed and accuracy of docking    #
# with a new scoring function, efficient optimization and       #
# multithreading, J. Comp. Chem. (2010)                         #
# DOI 10.1002/jcc.21334                                         #
#                                                               #
# Please see https://github.com/ccsb-scripps/AutoDock-Vina for  #
# more information.                                             #
#################################################################

Scoring function : vina
Rigid receptor: results/lasb_ensemble_rmsd/receptors_raw/9FQX_holo_receptor.pdbqt
Ligand: results/lasb_ensemble_rmsd/ligands_pdbqt/9FQX_A1IJJ.pdbqt
Grid center: X 55.521 Y 35.882 Z 20.807
Grid size  : X 24 Y 24 Z 24
Grid space : 0.375
Exhaustiveness: 16
CPU: 1
Verbosity: 1

Computing Vina grid ... done.
Performing docking (random seed: 1) ... 
0%   10   20   30   40   50   60   70   80   90   100%
|----|----|----|----|----|----|----|----|----|----|
***************************************************

mode |   affinity | dist from best mode
     | (kcal/mol) | rmsd l.b.| rmsd u.b.
-----+------------+----------+----------
   1       -7.957          0          0
   2        -7.92      6.267      9.058
   3       -7.887      4.404      7.846
   4       -7.857      1.738      2.609
   5       -7.727      4.277      7.291
   6       -7.721       4.84       8.97
   7       -7.676       2.81      5.346
   8       -7.662      4.961      8.578
   9        -7.63       5.36      7.907
  10       -7.561       6.72      9.511
  11       -7.532      3.184      5.271
  12        -7.51      4.798      8.755
  13       -7.346      3.546      6.374
  14       -7.258      3.303      5.628
  15       -7.233       4.32      8.041
  16       -7.203      2.528       3.53
  17       -7.147      4.966      9.077
  18       -7.141      3.693      5.118
  19       -7.105      3.156       5.25
  20       -7.089      4.224      7.508

--STDERR--
