AutoDock Vina v1.2.7
#################################################################
# If you used AutoDock Vina in your work, please cite:          #
#                                                               #
# J. Eberhardt, D. Santos-Martins, A. F. Tillack, and S. Forli  #
# AutoDock Vina 1.2.0: New Docking Methods, Expanded Force      #
# Field, and Python Bindings, J. Chem. Inf. Model. (2021)       #
# DOI 10.1021/acs.jcim.1c00203                                  #
#                                                               #
# O. Trott, A. J. Olson,                                        #
# AutoDock Vina: improving the speed and accuracy of docking    #
# with a new scoring function, efficient optimization and       #
# multithreading, J. Comp. Chem. (2010)                         #
# DOI 10.1002/jcc.21334                                         #
#                                                               #
# Please see https://github.com/ccsb-scripps/AutoDock-Vina for  #
# more information.                                             #
#################################################################

Scoring function : vina
Rigid receptor: results/lasb_ensemble_rmsd/receptors_raw/9GM4_holo_receptor.pdbqt
Ligand: results/lasb_ensemble_rmsd/ligands_pdbqt/9GM4_A1IM0.pdbqt
Grid center: X 55.521 Y 35.882 Z 20.807
Grid size  : X 24 Y 24 Z 24
Grid space : 0.375
Exhaustiveness: 16
CPU: 1
Verbosity: 1

Computing Vina grid ... done.
Performing docking (random seed: 2) ... 
0%   10   20   30   40   50   60   70   80   90   100%
|----|----|----|----|----|----|----|----|----|----|
***************************************************

mode |   affinity | dist from best mode
     | (kcal/mol) | rmsd l.b.| rmsd u.b.
-----+------------+----------+----------
   1       -7.872          0          0
   2       -7.448      9.337         11
   3       -7.355      8.312      11.41
   4       -7.025      3.089      4.117
   5       -6.963      10.58      12.15
   6       -6.756      9.095      12.27
   7        -6.68      8.853      13.43
   8       -6.653      4.546      8.062
   9        -6.62       3.62      7.083
  10       -6.607      7.452      12.15
  11       -6.427      1.816      3.005
  12       -6.425      3.011      4.705
  13        -6.34      10.62      12.12
  14        -6.28      5.987      7.472
  15       -6.274       3.45      5.224
  16       -6.228       3.83      7.604
  17       -6.201       4.51      8.516
  18       -6.192      3.871      7.803
  19       -6.191        9.8      13.06
  20       -5.917      7.425      11.99

--STDERR--
